Computed feedback gains: k_1 = -1.2709, k_2 = 0.0000
void StateSet::setGlobalDefaults() ShaderPipeline disabled.
